{
  "version": "1.5.0",
  "plugins_used": [
    {
      "name": "ArtifactoryDetector"
    },
    {
      "name": "AWSKeyDetector"
    },
    {
      "name": "AzureStorageKeyDetector"
    },
    {
      "name": "Base64HighEntropyString",
      "limit": 4.5
    },
    {
      "name": "BasicAuthDetector"
    },
    {
      "name": "CloudantDetector"
    },
    {
      "name": "DiscordBotTokenDetector"
    },
    {
      "name": "GitHubTokenDetector"
    },
    {
      "name": "GitLabTokenDetector"
    },
    {
      "name": "HexHighEntropyString",
      "limit": 3.0
    },
    {
      "name": "IbmCloudIamDetector"
    },
    {
      "name": "IbmCosHmacDetector"
    },
    {
      "name": "IPPublicDetector"
    },
    {
      "name": "JwtTokenDetector"
    },
    {
      "name": "KeywordDetector",
      "keyword_exclude": ""
    },
    {
      "name": "MailchimpDetector"
    },
    {
      "name": "NpmDetector"
    },
    {
      "name": "OpenAIDetector"
    },
    {
      "name": "PrivateKeyDetector"
    },
    {
      "name": "PypiTokenDetector"
    },
    {
      "name": "SendGridDetector"
    },
    {
      "name": "SlackDetector"
    },
    {
      "name": "SoftlayerDetector"
    },
    {
      "name": "SquareOAuthDetector"
    },
    {
      "name": "StripeDetector"
    },
    {
      "name": "TelegramBotTokenDetector"
    },
    {
      "name": "TwilioKeyDetector"
    }
  ],
  "filters_used": [
    {
      "path": "detect_secrets.filters.allowlist.is_line_allowlisted"
    },
    {
      "path": "detect_secrets.filters.common.is_ignored_due_to_verification_policies",
      "min_level": 2
    },
    {
      "path": "detect_secrets.filters.heuristic.is_indirect_reference"
    },
    {
      "path": "detect_secrets.filters.heuristic.is_likely_id_string"
    },
    {
      "path": "detect_secrets.filters.heuristic.is_lock_file"
    },
    {
      "path": "detect_secrets.filters.heuristic.is_not_alphanumeric_string"
    },
    {
      "path": "detect_secrets.filters.heuristic.is_potential_uuid"
    },
    {
      "path": "detect_secrets.filters.heuristic.is_prefixed_with_dollar_sign"
    },
    {
      "path": "detect_secrets.filters.heuristic.is_sequential_string"
    },
    {
      "path": "detect_secrets.filters.heuristic.is_swagger_file"
    },
    {
      "path": "detect_secrets.filters.heuristic.is_templated_secret"
    },
    {
      "path": "detect_secrets.filters.regex.should_exclude_file",
      "pattern": [
        "\\.venv",
        "\\.pytest_cache",
        "\\.ruff_cache"
      ]
    }
  ],
  "results": {
    "evidence\\demo-report.md": [
      {
        "type": "Secret Keyword",
        "filename": "evidence\\demo-report.md",
        "hashed_secret": "f72c85879027f6160ce36e1c5074ef8207bfe105",
        "is_verified": false,
        "line_number": 28
      }
    ],
    "src\\inspector_app\\backend\\scanners.py": [
      {
        "type": "Secret Keyword",
        "filename": "src\\inspector_app\\backend\\scanners.py",
        "hashed_secret": "6fe31bb7eab1420120775f24ab313c585e5a0115",
        "is_verified": false,
        "line_number": 612
      }
    ],
    "src\\inspector_app\\mock_data.py": [
      {
        "type": "Secret Keyword",
        "filename": "src\\inspector_app\\mock_data.py",
        "hashed_secret": "f72c85879027f6160ce36e1c5074ef8207bfe105",
        "is_verified": false,
        "line_number": 111
      }
    ],
    "tests\\fixtures\\vulnerable_project\\bad.py": [
      {
        "type": "AWS Access Key",
        "filename": "tests\\fixtures\\vulnerable_project\\bad.py",
        "hashed_secret": "d70eab08607a4d05faa2d0d6647206599e9abc65",
        "is_verified": false,
        "line_number": 13
      },
      {
        "type": "Base64 High Entropy String",
        "filename": "tests\\fixtures\\vulnerable_project\\bad.py",
        "hashed_secret": "d70eab08607a4d05faa2d0d6647206599e9abc65",
        "is_verified": false,
        "line_number": 13
      },
      {
        "type": "Secret Keyword",
        "filename": "tests\\fixtures\\vulnerable_project\\bad.py",
        "hashed_secret": "d70eab08607a4d05faa2d0d6647206599e9abc65",
        "is_verified": false,
        "line_number": 13
      }
    ],
    "tests\\fixtures\\vulnerable_project\\id_rsa_fake.pem": [
      {
        "type": "Private Key",
        "filename": "tests\\fixtures\\vulnerable_project\\id_rsa_fake.pem",
        "hashed_secret": "be4fc4886bd949b369d5e092eb87494f12e57e5b",
        "is_verified": false,
        "line_number": 1
      }
    ],
    "tests\\test_backend_github.py": [
      {
        "type": "Basic Auth Credentials",
        "filename": "tests\\test_backend_github.py",
        "hashed_secret": "5baa61e4c9b93f3f0682250b6cf8331b7ee68fd8",
        "is_verified": false,
        "line_number": 49
      }
    ]
  },
  "generated_at": "2026-09-14T01:33:18Z"
}
